// Jest Snapshot v1, https://goo.gl/fbAQLP

exports[`<TokenNavBar /> Matches snapshot 1`] = `
<div>
  <div
    class="css-46j4ko"
  >
    <div
      class="css-1iqq0oq"
    >
      RGP
    </div>
    <div
      class="css-1iqq0oq"
    >
      BUSD
    </div>
    <div
      class="css-1iqq0oq"
    >
      USDT
    </div>
    <div
      class="css-1iqq0oq"
    >
      BNB
    </div>
    <div
      class="css-1hkcd3u"
    >
       Add Custom Token  
      <svg
        class="chakra-icon css-onkibi"
        focusable="false"
        viewBox="0 0 24 24"
      >
        <path
          d="M16.59 8.59L12 13.17 7.41 8.59 6 10l6 6 6-6z"
          fill="currentColor"
        />
      </svg>
    </div>
  </div>
</div>
`;
